// Jest Snapshot v1, https://goo.gl/fbAQLP

exports[`TechStack should match snapshot 1`] = `
<DocumentFragment>
  <div
    class="w-20 overflow-hidden relative"
  >
    <div
      class="flex w-max gap-6 whitespace-nowrap scrollAnimation"
    >
      <div
        class="text-4xl text-white flex-shrink-0"
      >
        <svg
          fill="currentColor"
          height="1em"
          role="img"
          stroke="currentColor"
          stroke-width="0"
          viewBox="0 0 24 24"
          width="1em"
          xmlns="http://www.w3.org/2000/svg"
        >
          <path
            d="M24 18.588a1.529 1.529 0 01-1.895-.72l-3.45-4.771-.5-.667-4.003 5.444a1.466 1.466 0 01-1.802.708l5.158-6.92-4.798-6.251a1.595 1.595 0 011.9.666l3.576 4.83 3.596-4.81a1.435 1.435 0 011.788-.668L21.708 7.9l-2.522 3.283a.666.666 0 000 .994l4.804 6.412zM.002 11.576l.42-2.075c1.154-4.103 5.858-5.81 9.094-3.27 1.895 1.489 2.368 3.597 2.275 5.973H1.116C.943 16.447 4.005 19.009 7.92 17.7a4.078 4.078 0 002.582-2.876c.207-.666.548-.78 1.174-.588a5.417 5.417 0 01-2.589 3.957 6.272 6.272 0 01-7.306-.933 6.575 6.575 0 01-1.64-3.858c0-.235-.08-.455-.134-.666A88.33 88.33 0 010 11.577zm1.127-.286h9.654c-.06-3.076-2.001-5.258-4.59-5.278-2.882-.04-4.944 2.094-5.071 5.264z"
          />
        </svg>
      </div>
      <div
        class="text-4xl text-white flex-shrink-0"
      >
        <svg
          fill="currentColor"
          height="1em"
          role="img"
          stroke="currentColor"
          stroke-width="0"
          viewBox="0 0 24 24"
          width="1em"
          xmlns="http://www.w3.org/2000/svg"
        >
          <path
            d="M18.665 21.978C16.758 23.255 14.465 24 12 24 5.377 24 0 18.623 0 12S5.377 0 12 0s12 5.377 12 12c0 3.583-1.574 6.801-4.067 9.001L9.219 7.2H7.2v9.596h1.615V9.251l9.85 12.727Zm-3.332-8.533 1.6 2.061V7.2h-1.6v6.245Z"
          />
        </svg>
      </div>
      <div
        class="text-4xl text-white flex-shrink-0"
      >
        <svg
          fill="currentColor"
          height="1em"
          role="img"
          stroke="currentColor"
          stroke-width="0"
          viewBox="0 0 24 24"
          width="1em"
          xmlns="http://www.w3.org/2000/svg"
        >
          <path
            d="M12.001,4.8c-3.2,0-5.2,1.6-6,4.8c1.2-1.6,2.6-2.2,4.2-1.8c0.913,0.228,1.565,0.89,2.288,1.624 C13.666,10.618,15.027,12,18.001,12c3.2,0,5.2-1.6,6-4.8c-1.2,1.6-2.6,2.2-4.2,1.8c-0.913-0.228-1.565-0.89-2.288-1.624 C16.337,6.182,14.976,4.8,12.001,4.8z M6.001,12c-3.2,0-5.2,1.6-6,4.8c1.2-1.6,2.6-2.2,4.2-1.8c0.913,0.228,1.565,0.89,2.288,1.624 c1.177,1.194,2.538,2.576,5.512,2.576c3.2,0,5.2-1.6,6-4.8c-1.2,1.6-2.6,2.2-4.2,1.8c-0.913-0.228-1.565-0.89-2.288-1.624 C10.337,13.382,8.976,12,6.001,12z"
          />
        </svg>
      </div>
      <div
        class="text-4xl text-white flex-shrink-0"
      >
        <svg
          fill="currentColor"
          height="1em"
          role="img"
          stroke="currentColor"
          stroke-width="0"
          viewBox="0 0 24 24"
          width="1em"
          xmlns="http://www.w3.org/2000/svg"
        >
          <path
            d="M7.679.6264c-.5006 0-.948.1121-1.3298.333-.367.2125-.6755.5291-.917.9411-.2262.386-.393.856-.4957 1.3964-.1978 1.0417-.155 2.3459.124 3.7707.0353.1794.074.361.1157.5414a17 17 0 0 0-.6444.209c-1.345.469-2.4699 1.0817-3.2528 1.7723-.406.3576-.72.7357-.9349 1.1235C.1158 11.1263 0 11.5493 0 11.9712c0 .846.4686 1.703 1.355 2.4806.8347.7323 2.015 1.3717 3.4123 1.8496.1298.0441.262.087.3948.128a17 17 0 0 0-.1281.609c-.2658 1.3994-.2968 2.6799-.0903 3.7032.1073.53.2776.9912.5063 1.371.2432.4038.5519.7156.9174.9264.3851.222.8384.3346 1.3472.3346.6927 0 1.4672-.2054 2.302-.6105.8184-.3971 1.6537-.9659 2.4827-1.6905a13 13 0 0 0 .3909-.3556h.1963v-.0004h5.9501q1.3018 0 2.2457-.38c.6305-.2529 1.1436-.5942 1.5475-1.0227.4038-.4286.6983-.9399.8871-1.5339.1888-.589.2831-1.227.2831-1.9087.0005-1.1884-.2152-2.1719-.6416-2.9608q-.6346-1.1668-1.867-1.5139a.032.032 0 0 1-.0202-.0321.034.034 0 0 1 .0154-.0303c.6118-.3401 1.082-.8245 1.4115-1.4425q.498-.9348.498-2.2499c0-1.4464-.366-2.5224-1.0946-3.238-.7287-.7158-1.6988-1.0715-2.9064-1.0715h-6.5124a16 16 0 0 0-.308-.2819c-.8608-.7637-1.7192-1.363-2.552-1.7796C9.1688.8432 8.3802.6264 7.679.6264m.0072 1.6994c.4338 0 .9952.1703 1.623.4925.6806.3497 1.4185.8697 2.1341 1.5051q.0666.0591.1361.1228c-.6294.696-1.2497 1.4694-1.846 2.302-1.016.0992-1.9927.2474-2.9071.441a15 15 0 0 1-.0925-.4342l-.0027-.0149c-.218-1.1138-.2711-2.1316-.1536-2.9418.1015-.6963.3287-1.194.6245-1.3653.1228-.0712.2858-.1072.4842-.1072m5.1605 3.217v12.9119l-.7657-.9454-.5002-.6175c-.2525-.3117-.657-.8886-1.1391-1.624a29 29 0 0 1-.7951-1.2816l-.0145-.025c-.231-.3984-.4027-.7193-.5406-.977a39 39 0 0 1-.5065-.9813l.03-.0583.0018-.0033a31 31 0 0 1 .5659-1.0979l.0017-.003.2074-.4024.3063-.5075.002-.0033c.1143-.1947.233-.3912.3526-.584l.2108-.3482c.2806-.4645.5061-.8033.862-1.2943.1917-.2642.3735-.4962.6616-.8562l.0006-.0007.0142-.018.0055-.007c.117-.1491.235-.2961.3509-.4369l.0038-.0047.0023-.0028a83 83 0 0 1 .6822-.8317zm2.3907.2519h3.8286c.6423 0 1.1336.1804 1.4735.5363s.5097.9744.5097 1.8516c0 .7803-.1888 1.375-.5667 1.7942-.378.419-.85.624-1.4169.624h-3.8284c-.0141 0-.0256-.0149-.0256-.0332l.0002-4.7399c0-.0182.0113-.033.0256-.033M8.498 8.6164a31.5 31.5 0 0 0-.7931 1.375 23 23 0 0 1-.4173-1.1595 23 23 0 0 1 1.2104-.2155m-2.8646.6334c.288.8924.6483 1.8157 1.0715 2.7477l.0002.0001c-.4297.9474-.795 1.8853-1.087 2.791a12 12 0 0 1-.3005-.0982c-1.1617-.397-2.1292-.9097-2.798-1.4823-.5116-.4381-.817-.9003-.817-1.2364 0-.345.3055-.7895.8384-1.2203.6203-.5016 1.503-.96 2.551-1.3252a15 15 0 0 1 .5414-.1764m9.6038 3.5427h4.1484c.718 0 1.2696.2244 1.67.692s.597 1.1257.597 1.9883c.0002.8771-.2004 1.5595-.5968 2.037-.3932.4822-.952.7218-1.67.7218h-4.1486c-.0141 0-.0256-.0148-.0256-.033v-5.373c0-.0183.0113-.033.0256-.033M7.7065 14.001a31.4 31.4 0 0 0 .818 1.411 22 22 0 0 1-1.251-.2087v-.0001c.1291-.3932.2742-.7959.433-1.2022m-.8937 2.8444c.9022.1846 1.8901.3238 2.9408.414.602.8384 1.2275 1.617 1.8615 2.317-.0783.0721-.1572.143-.2357.212-.9178.8022-1.8394 1.3821-2.6649 1.6771l-.0171.0061c-.37.1306-.7003.1969-.9812.1969-.2073 0-.3747-.036-.4975-.1067-.299-.1725-.5317-.6594-.6384-1.336-.1247-.7884-.081-1.7816.126-2.872l.0001.0001c.0323-.1692.0677-.3393.1064-.5085"
          />
        </svg>
      </div>
      <div
        class="text-4xl text-white flex-shrink-0"
      >
        <svg
          fill="currentColor"
          height="1em"
          role="img"
          stroke="currentColor"
          stroke-width="0"
          viewBox="0 0 24 24"
          width="1em"
          xmlns="http://www.w3.org/2000/svg"
        >
          <path
            d="M12.002 0a2.138 2.138 0 1 0 0 4.277 2.138 2.138 0 1 0 0-4.277zm8.54 4.931a2.138 2.138 0 1 0 0 4.277 2.138 2.138 0 1 0 0-4.277zm0 9.862a2.138 2.138 0 1 0 0 4.277 2.138 2.138 0 1 0 0-4.277zm-8.54 4.931a2.138 2.138 0 1 0 0 4.276 2.138 2.138 0 1 0 0-4.276zm-8.542-4.93a2.138 2.138 0 1 0 0 4.276 2.138 2.138 0 1 0 0-4.277zm0-9.863a2.138 2.138 0 1 0 0 4.277 2.138 2.138 0 1 0 0-4.277zm8.542-3.378L2.953 6.777v10.448l9.049 5.224 9.047-5.224V6.777zm0 1.601 7.66 13.27H4.34zm-1.387.371L3.97 15.037V7.363zm2.774 0 6.646 3.838v7.674zM5.355 17.44h13.293l-6.646 3.836z"
          />
        </svg>
      </div>
      <div
        class="text-4xl text-white flex-shrink-0"
      >
        <svg
          fill="currentColor"
          height="1em"
          role="img"
          stroke="currentColor"
          stroke-width="0"
          viewBox="0 0 24 24"
          width="1em"
          xmlns="http://www.w3.org/2000/svg"
        >
          <path
            d="M12 0C7.828.001 4.396 3.433 4.395 7.605c.001 4.172 3.433 7.604 7.605 7.605 4.172-.001 7.604-3.433 7.605-7.605C19.604 3.433 16.172.001 12 0Zm0 .286c4.016 0 7.32 3.304 7.32 7.32-.001 4.015-3.305 7.318-7.32 7.318-4.015 0-7.319-3.304-7.32-7.319 0-4.016 3.304-7.32 7.32-7.32zm0 4.04a3.294 3.294 0 0 0-3.279 3.279v.001A3.296 3.296 0 0 0 12 10.884a3.294 3.294 0 0 0 3.279-3.279A3.294 3.294 0 0 0 12 4.326ZM8.34 16.681h-.008a3.67 3.67 0 0 0-3.652 3.652v.015A3.67 3.67 0 0 0 8.332 24h7.336a3.67 3.67 0 0 0 3.652-3.652v-.016a3.67 3.67 0 0 0-3.652-3.652h-.008Z"
          />
        </svg>
      </div>
      <div
        class="text-4xl text-white flex-shrink-0"
      >
        <svg
          fill="currentColor"
          height="1em"
          role="img"
          stroke="currentColor"
          stroke-width="0"
          viewBox="0 0 24 24"
          width="1em"
          xmlns="http://www.w3.org/2000/svg"
        >
          <path
            d="M22.251 11.82a3.117 3.117 0 0 0-2.328-3.01L22.911 0H8.104L11.1 8.838a3.116 3.116 0 0 0-2.244 2.988c0 1.043.52 1.967 1.313 2.536a8.279 8.279 0 0 1-1.084 1.244 8.14 8.14 0 0 1-2.55 1.647c-.834-.563-1.195-1.556-.869-2.446a3.11 3.11 0 0 0-.91-6.08 3.117 3.117 0 0 0-3.113 3.113c0 .848.347 1.626.903 2.182-.048.097-.097.195-.146.299-.465.959-.993 2.043-1.195 3.259-.403 2.432.257 4.384 1.849 5.489A5.093 5.093 0 0 0 5.999 24c1.827 0 3.682-.917 5.475-1.807 1.279-.632 2.599-1.292 3.898-1.612.48-.118.98-.187 1.508-.264 1.07-.153 2.175-.312 3.168-.89a4.482 4.482 0 0 0 2.182-3.091c.174-.994 0-1.994-.444-2.87.298-.48.465-1.042.465-1.647zm-1.355 0c0 .965-.785 1.75-1.75 1.75a1.753 1.753 0 0 1-1.085-3.126l.007-.007c.056-.042.118-.084.18-.125 0 0 .008 0 .008-.007.028-.014.055-.035.083-.05.007 0 .014-.006.021-.006.028-.014.063-.028.097-.042.035-.014.07-.027.098-.041.007 0 .013-.007.02-.007.028-.007.056-.021.084-.028.007 0 .02-.007.028-.007.034-.007.062-.014.097-.02h.007l.104-.022c.007 0 .02 0 .028-.007.028 0 .055-.007.083-.007h.035c.035 0 .07-.007.111-.007h.09c.028 0 .05 0 .077.007h.014c.055.007.111.014.167.028a1.766 1.766 0 0 1 1.396 1.723zM10.043 1.39h10.93l-2.509 7.4c-.104.02-.208.055-.312.09l-2.64-5.385-2.648 5.35c-.104-.034-.216-.055-.327-.076l-2.494-7.38zm4.968 9.825a3.083 3.083 0 0 0-.938-1.668l1.438-2.904 1.452 2.967c-.43.43-.743.98-.868 1.605H15.01zm-3.481-1.098c.034-.007.062-.014.097-.02h.02c.029-.008.056-.008.084-.015h.028c.028 0 .049-.007.076-.007h.271c.028 0 .049.007.07.007.014 0 .02 0 .035.007.027.007.048.007.076.014.007 0 .014 0 .028.007l.097.02h.007c.028.008.056.015.083.029.007 0 .014.007.028.007.021.007.049.014.07.027.007 0 .014.007.02.007.028.014.056.021.084.035h.007a.374.374 0 0 1 .09.049h.007c.028.014.056.034.084.048.007 0 .007.007.013.007.028.014.05.035.077.049l.007.007c.083.062.16.132.236.201l.007.007a1.747 1.747 0 0 1 .48 1.209 1.752 1.752 0 0 1-3.502 0 1.742 1.742 0 0 1 1.32-1.695zm-6.838-.049c.966 0 1.751.786 1.751 1.751s-.785 1.751-1.75 1.751-1.752-.785-1.752-1.75.786-1.752 1.751-1.752zm16.163 6.025a3.07 3.07 0 0 1-1.508 2.133c-.758.438-1.689.577-2.669.716a17.29 17.29 0 0 0-1.64.291c-1.445.355-2.834 1.05-4.182 1.717-1.724.854-3.35 1.66-4.857 1.66a3.645 3.645 0 0 1-2.154-.688c-1.529-1.056-1.453-3.036-1.272-4.12.167-1.015.632-1.966 1.077-2.877.028-.055.049-.104.077-.16.152.056.312.098.479.126-.264 1.473.486 2.994 1.946 3.745l.264.139.284-.104c1.216-.431 2.342-1.133 3.336-2.071a9.334 9.334 0 0 0 1.445-1.716c.16.027.32.034.48.034a3.117 3.117 0 0 0 3.008-2.327h1.167a3.109 3.109 0 0 0 3.01 2.327c.576 0 1.11-.16 1.57-.43.18.52.236 1.063.139 1.605z"
          />
        </svg>
      </div>
      <div
        class="text-4xl text-white flex-shrink-0"
      >
        <svg
          fill="currentColor"
          height="1em"
          role="img"
          stroke="currentColor"
          stroke-width="0"
          viewBox="0 0 24 24"
          width="1em"
          xmlns="http://www.w3.org/2000/svg"
        >
          <path
            d="M1.125 0C.502 0 0 .502 0 1.125v21.75C0 23.498.502 24 1.125 24h21.75c.623 0 1.125-.502 1.125-1.125V1.125C24 .502 23.498 0 22.875 0zm17.363 9.75c.612 0 1.154.037 1.627.111a6.38 6.38 0 0 1 1.306.34v2.458a3.95 3.95 0 0 0-.643-.361 5.093 5.093 0 0 0-.717-.26 5.453 5.453 0 0 0-1.426-.2c-.3 0-.573.028-.819.086a2.1 2.1 0 0 0-.623.242c-.17.104-.3.229-.393.374a.888.888 0 0 0-.14.49c0 .196.053.373.156.529.104.156.252.304.443.444s.423.276.696.41c.273.135.582.274.926.416.47.197.892.407 1.266.628.374.222.695.473.963.753.268.279.472.598.614.957.142.359.214.776.214 1.253 0 .657-.125 1.21-.373 1.656a3.033 3.033 0 0 1-1.012 1.085 4.38 4.38 0 0 1-1.487.596c-.566.12-1.163.18-1.79.18a9.916 9.916 0 0 1-1.84-.164 5.544 5.544 0 0 1-1.512-.493v-2.63a5.033 5.033 0 0 0 3.237 1.2c.333 0 .624-.03.872-.09.249-.06.456-.144.623-.25.166-.108.29-.234.373-.38a1.023 1.023 0 0 0-.074-1.089 2.12 2.12 0 0 0-.537-.5 5.597 5.597 0 0 0-.807-.444 27.72 27.72 0 0 0-1.007-.436c-.918-.383-1.602-.852-2.053-1.405-.45-.553-.676-1.222-.676-2.005 0-.614.123-1.141.369-1.582.246-.441.58-.804 1.004-1.089a4.494 4.494 0 0 1 1.47-.629 7.536 7.536 0 0 1 1.77-.201zm-15.113.188h9.563v2.166H9.506v9.646H6.789v-9.646H3.375z"
          />
        </svg>
      </div>
      <div
        class="text-4xl text-white flex-shrink-0"
      >
        <svg
          fill="currentColor"
          height="1em"
          role="img"
          stroke="currentColor"
          stroke-width="0"
          viewBox="0 0 24 24"
          width="1em"
          xmlns="http://www.w3.org/2000/svg"
        >
          <path
            d="M24 22.525H0l12-21.05 12 21.05z"
          />
        </svg>
      </div>
      <div
        class="text-4xl text-white flex-shrink-0"
      >
        <svg
          fill="currentColor"
          height="1em"
          role="img"
          stroke="currentColor"
          stroke-width="0"
          viewBox="0 0 24 24"
          width="1em"
          xmlns="http://www.w3.org/2000/svg"
        >
          <path
            d="M14.23 12.004a2.236 2.236 0 0 1-2.235 2.236 2.236 2.236 0 0 1-2.236-2.236 2.236 2.236 0 0 1 2.235-2.236 2.236 2.236 0 0 1 2.236 2.236zm2.648-10.69c-1.346 0-3.107.96-4.888 2.622-1.78-1.653-3.542-2.602-4.887-2.602-.41 0-.783.093-1.106.278-1.375.793-1.683 3.264-.973 6.365C1.98 8.917 0 10.42 0 12.004c0 1.59 1.99 3.097 5.043 4.03-.704 3.113-.39 5.588.988 6.38.32.187.69.275 1.102.275 1.345 0 3.107-.96 4.888-2.624 1.78 1.654 3.542 2.603 4.887 2.603.41 0 .783-.09 1.106-.275 1.374-.792 1.683-3.263.973-6.365C22.02 15.096 24 13.59 24 12.004c0-1.59-1.99-3.097-5.043-4.032.704-3.11.39-5.587-.988-6.38-.318-.184-.688-.277-1.092-.278zm-.005 1.09v.006c.225 0 .406.044.558.127.666.382.955 1.835.73 3.704-.054.46-.142.945-.25 1.44-.96-.236-2.006-.417-3.107-.534-.66-.905-1.345-1.727-2.035-2.447 1.592-1.48 3.087-2.292 4.105-2.295zm-9.77.02c1.012 0 2.514.808 4.11 2.28-.686.72-1.37 1.537-2.02 2.442-1.107.117-2.154.298-3.113.538-.112-.49-.195-.964-.254-1.42-.23-1.868.054-3.32.714-3.707.19-.09.4-.127.563-.132zm4.882 3.05c.455.468.91.992 1.36 1.564-.44-.02-.89-.034-1.345-.034-.46 0-.915.01-1.36.034.44-.572.895-1.096 1.345-1.565zM12 8.1c.74 0 1.477.034 2.202.093.406.582.802 1.203 1.183 1.86.372.64.71 1.29 1.018 1.946-.308.655-.646 1.31-1.013 1.95-.38.66-.773 1.288-1.18 1.87-.728.063-1.466.098-2.21.098-.74 0-1.477-.035-2.202-.093-.406-.582-.802-1.204-1.183-1.86-.372-.64-.71-1.29-1.018-1.946.303-.657.646-1.313 1.013-1.954.38-.66.773-1.286 1.18-1.868.728-.064 1.466-.098 2.21-.098zm-3.635.254c-.24.377-.48.763-.704 1.16-.225.39-.435.782-.635 1.174-.265-.656-.49-1.31-.676-1.947.64-.15 1.315-.283 2.015-.386zm7.26 0c.695.103 1.365.23 2.006.387-.18.632-.405 1.282-.66 1.933-.2-.39-.41-.783-.64-1.174-.225-.392-.465-.774-.705-1.146zm3.063.675c.484.15.944.317 1.375.498 1.732.74 2.852 1.708 2.852 2.476-.005.768-1.125 1.74-2.857 2.475-.42.18-.88.342-1.355.493-.28-.958-.646-1.956-1.1-2.98.45-1.017.81-2.01 1.085-2.964zm-13.395.004c.278.96.645 1.957 1.1 2.98-.45 1.017-.812 2.01-1.086 2.964-.484-.15-.944-.318-1.37-.5-1.732-.737-2.852-1.706-2.852-2.474 0-.768 1.12-1.742 2.852-2.476.42-.18.88-.342 1.356-.494zm11.678 4.28c.265.657.49 1.312.676 1.948-.64.157-1.316.29-2.016.39.24-.375.48-.762.705-1.158.225-.39.435-.788.636-1.18zm-9.945.02c.2.392.41.783.64 1.175.23.39.465.772.705 1.143-.695-.102-1.365-.23-2.006-.386.18-.63.406-1.282.66-1.933zM17.92 16.32c.112.493.2.968.254 1.423.23 1.868-.054 3.32-.714 3.708-.147.09-.338.128-.563.128-1.012 0-2.514-.807-4.11-2.28.686-.72 1.37-1.536 2.02-2.44 1.107-.118 2.154-.3 3.113-.54zm-11.83.01c.96.234 2.006.415 3.107.532.66.905 1.345 1.727 2.035 2.446-1.595 1.483-3.092 2.295-4.11 2.295-.22-.005-.406-.05-.553-.132-.666-.38-.955-1.834-.73-3.703.054-.46.142-.944.25-1.438zm4.56.64c.44.02.89.034 1.345.034.46 0 .915-.01 1.36-.034-.44.572-.895 1.095-1.345 1.565-.455-.47-.91-.993-1.36-1.565z"
          />
        </svg>
      </div>
      <div
        class="text-4xl text-white flex-shrink-0"
      >
        <svg
          fill="currentColor"
          height="1em"
          role="img"
          stroke="currentColor"
          stroke-width="0"
          viewBox="0 0 24 24"
          width="1em"
          xmlns="http://www.w3.org/2000/svg"
        >
          <path
            d="M24 18.588a1.529 1.529 0 01-1.895-.72l-3.45-4.771-.5-.667-4.003 5.444a1.466 1.466 0 01-1.802.708l5.158-6.92-4.798-6.251a1.595 1.595 0 011.9.666l3.576 4.83 3.596-4.81a1.435 1.435 0 011.788-.668L21.708 7.9l-2.522 3.283a.666.666 0 000 .994l4.804 6.412zM.002 11.576l.42-2.075c1.154-4.103 5.858-5.81 9.094-3.27 1.895 1.489 2.368 3.597 2.275 5.973H1.116C.943 16.447 4.005 19.009 7.92 17.7a4.078 4.078 0 002.582-2.876c.207-.666.548-.78 1.174-.588a5.417 5.417 0 01-2.589 3.957 6.272 6.272 0 01-7.306-.933 6.575 6.575 0 01-1.64-3.858c0-.235-.08-.455-.134-.666A88.33 88.33 0 010 11.577zm1.127-.286h9.654c-.06-3.076-2.001-5.258-4.59-5.278-2.882-.04-4.944 2.094-5.071 5.264z"
          />
        </svg>
      </div>
      <div
        class="text-4xl text-white flex-shrink-0"
      >
        <svg
          fill="currentColor"
          height="1em"
          role="img"
          stroke="currentColor"
          stroke-width="0"
          viewBox="0 0 24 24"
          width="1em"
          xmlns="http://www.w3.org/2000/svg"
        >
          <path
            d="M18.665 21.978C16.758 23.255 14.465 24 12 24 5.377 24 0 18.623 0 12S5.377 0 12 0s12 5.377 12 12c0 3.583-1.574 6.801-4.067 9.001L9.219 7.2H7.2v9.596h1.615V9.251l9.85 12.727Zm-3.332-8.533 1.6 2.061V7.2h-1.6v6.245Z"
          />
        </svg>
      </div>
      <div
        class="text-4xl text-white flex-shrink-0"
      >
        <svg
          fill="currentColor"
          height="1em"
          role="img"
          stroke="currentColor"
          stroke-width="0"
          viewBox="0 0 24 24"
          width="1em"
          xmlns="http://www.w3.org/2000/svg"
        >
          <path
            d="M12.001,4.8c-3.2,0-5.2,1.6-6,4.8c1.2-1.6,2.6-2.2,4.2-1.8c0.913,0.228,1.565,0.89,2.288,1.624 C13.666,10.618,15.027,12,18.001,12c3.2,0,5.2-1.6,6-4.8c-1.2,1.6-2.6,2.2-4.2,1.8c-0.913-0.228-1.565-0.89-2.288-1.624 C16.337,6.182,14.976,4.8,12.001,4.8z M6.001,12c-3.2,0-5.2,1.6-6,4.8c1.2-1.6,2.6-2.2,4.2-1.8c0.913,0.228,1.565,0.89,2.288,1.624 c1.177,1.194,2.538,2.576,5.512,2.576c3.2,0,5.2-1.6,6-4.8c-1.2,1.6-2.6,2.2-4.2,1.8c-0.913-0.228-1.565-0.89-2.288-1.624 C10.337,13.382,8.976,12,6.001,12z"
          />
        </svg>
      </div>
      <div
        class="text-4xl text-white flex-shrink-0"
      >
        <svg
          fill="currentColor"
          height="1em"
          role="img"
          stroke="currentColor"
          stroke-width="0"
          viewBox="0 0 24 24"
          width="1em"
          xmlns="http://www.w3.org/2000/svg"
        >
          <path
            d="M7.679.6264c-.5006 0-.948.1121-1.3298.333-.367.2125-.6755.5291-.917.9411-.2262.386-.393.856-.4957 1.3964-.1978 1.0417-.155 2.3459.124 3.7707.0353.1794.074.361.1157.5414a17 17 0 0 0-.6444.209c-1.345.469-2.4699 1.0817-3.2528 1.7723-.406.3576-.72.7357-.9349 1.1235C.1158 11.1263 0 11.5493 0 11.9712c0 .846.4686 1.703 1.355 2.4806.8347.7323 2.015 1.3717 3.4123 1.8496.1298.0441.262.087.3948.128a17 17 0 0 0-.1281.609c-.2658 1.3994-.2968 2.6799-.0903 3.7032.1073.53.2776.9912.5063 1.371.2432.4038.5519.7156.9174.9264.3851.222.8384.3346 1.3472.3346.6927 0 1.4672-.2054 2.302-.6105.8184-.3971 1.6537-.9659 2.4827-1.6905a13 13 0 0 0 .3909-.3556h.1963v-.0004h5.9501q1.3018 0 2.2457-.38c.6305-.2529 1.1436-.5942 1.5475-1.0227.4038-.4286.6983-.9399.8871-1.5339.1888-.589.2831-1.227.2831-1.9087.0005-1.1884-.2152-2.1719-.6416-2.9608q-.6346-1.1668-1.867-1.5139a.032.032 0 0 1-.0202-.0321.034.034 0 0 1 .0154-.0303c.6118-.3401 1.082-.8245 1.4115-1.4425q.498-.9348.498-2.2499c0-1.4464-.366-2.5224-1.0946-3.238-.7287-.7158-1.6988-1.0715-2.9064-1.0715h-6.5124a16 16 0 0 0-.308-.2819c-.8608-.7637-1.7192-1.363-2.552-1.7796C9.1688.8432 8.3802.6264 7.679.6264m.0072 1.6994c.4338 0 .9952.1703 1.623.4925.6806.3497 1.4185.8697 2.1341 1.5051q.0666.0591.1361.1228c-.6294.696-1.2497 1.4694-1.846 2.302-1.016.0992-1.9927.2474-2.9071.441a15 15 0 0 1-.0925-.4342l-.0027-.0149c-.218-1.1138-.2711-2.1316-.1536-2.9418.1015-.6963.3287-1.194.6245-1.3653.1228-.0712.2858-.1072.4842-.1072m5.1605 3.217v12.9119l-.7657-.9454-.5002-.6175c-.2525-.3117-.657-.8886-1.1391-1.624a29 29 0 0 1-.7951-1.2816l-.0145-.025c-.231-.3984-.4027-.7193-.5406-.977a39 39 0 0 1-.5065-.9813l.03-.0583.0018-.0033a31 31 0 0 1 .5659-1.0979l.0017-.003.2074-.4024.3063-.5075.002-.0033c.1143-.1947.233-.3912.3526-.584l.2108-.3482c.2806-.4645.5061-.8033.862-1.2943.1917-.2642.3735-.4962.6616-.8562l.0006-.0007.0142-.018.0055-.007c.117-.1491.235-.2961.3509-.4369l.0038-.0047.0023-.0028a83 83 0 0 1 .6822-.8317zm2.3907.2519h3.8286c.6423 0 1.1336.1804 1.4735.5363s.5097.9744.5097 1.8516c0 .7803-.1888 1.375-.5667 1.7942-.378.419-.85.624-1.4169.624h-3.8284c-.0141 0-.0256-.0149-.0256-.0332l.0002-4.7399c0-.0182.0113-.033.0256-.033M8.498 8.6164a31.5 31.5 0 0 0-.7931 1.375 23 23 0 0 1-.4173-1.1595 23 23 0 0 1 1.2104-.2155m-2.8646.6334c.288.8924.6483 1.8157 1.0715 2.7477l.0002.0001c-.4297.9474-.795 1.8853-1.087 2.791a12 12 0 0 1-.3005-.0982c-1.1617-.397-2.1292-.9097-2.798-1.4823-.5116-.4381-.817-.9003-.817-1.2364 0-.345.3055-.7895.8384-1.2203.6203-.5016 1.503-.96 2.551-1.3252a15 15 0 0 1 .5414-.1764m9.6038 3.5427h4.1484c.718 0 1.2696.2244 1.67.692s.597 1.1257.597 1.9883c.0002.8771-.2004 1.5595-.5968 2.037-.3932.4822-.952.7218-1.67.7218h-4.1486c-.0141 0-.0256-.0148-.0256-.033v-5.373c0-.0183.0113-.033.0256-.033M7.7065 14.001a31.4 31.4 0 0 0 .818 1.411 22 22 0 0 1-1.251-.2087v-.0001c.1291-.3932.2742-.7959.433-1.2022m-.8937 2.8444c.9022.1846 1.8901.3238 2.9408.414.602.8384 1.2275 1.617 1.8615 2.317-.0783.0721-.1572.143-.2357.212-.9178.8022-1.8394 1.3821-2.6649 1.6771l-.0171.0061c-.37.1306-.7003.1969-.9812.1969-.2073 0-.3747-.036-.4975-.1067-.299-.1725-.5317-.6594-.6384-1.336-.1247-.7884-.081-1.7816.126-2.872l.0001.0001c.0323-.1692.0677-.3393.1064-.5085"
          />
        </svg>
      </div>
      <div
        class="text-4xl text-white flex-shrink-0"
      >
        <svg
          fill="currentColor"
          height="1em"
          role="img"
          stroke="currentColor"
          stroke-width="0"
          viewBox="0 0 24 24"
          width="1em"
          xmlns="http://www.w3.org/2000/svg"
        >
          <path
            d="M12.002 0a2.138 2.138 0 1 0 0 4.277 2.138 2.138 0 1 0 0-4.277zm8.54 4.931a2.138 2.138 0 1 0 0 4.277 2.138 2.138 0 1 0 0-4.277zm0 9.862a2.138 2.138 0 1 0 0 4.277 2.138 2.138 0 1 0 0-4.277zm-8.54 4.931a2.138 2.138 0 1 0 0 4.276 2.138 2.138 0 1 0 0-4.276zm-8.542-4.93a2.138 2.138 0 1 0 0 4.276 2.138 2.138 0 1 0 0-4.277zm0-9.863a2.138 2.138 0 1 0 0 4.277 2.138 2.138 0 1 0 0-4.277zm8.542-3.378L2.953 6.777v10.448l9.049 5.224 9.047-5.224V6.777zm0 1.601 7.66 13.27H4.34zm-1.387.371L3.97 15.037V7.363zm2.774 0 6.646 3.838v7.674zM5.355 17.44h13.293l-6.646 3.836z"
          />
        </svg>
      </div>
      <div
        class="text-4xl text-white flex-shrink-0"
      >
        <svg
          fill="currentColor"
          height="1em"
          role="img"
          stroke="currentColor"
          stroke-width="0"
          viewBox="0 0 24 24"
          width="1em"
          xmlns="http://www.w3.org/2000/svg"
        >
          <path
            d="M12 0C7.828.001 4.396 3.433 4.395 7.605c.001 4.172 3.433 7.604 7.605 7.605 4.172-.001 7.604-3.433 7.605-7.605C19.604 3.433 16.172.001 12 0Zm0 .286c4.016 0 7.32 3.304 7.32 7.32-.001 4.015-3.305 7.318-7.32 7.318-4.015 0-7.319-3.304-7.32-7.319 0-4.016 3.304-7.32 7.32-7.32zm0 4.04a3.294 3.294 0 0 0-3.279 3.279v.001A3.296 3.296 0 0 0 12 10.884a3.294 3.294 0 0 0 3.279-3.279A3.294 3.294 0 0 0 12 4.326ZM8.34 16.681h-.008a3.67 3.67 0 0 0-3.652 3.652v.015A3.67 3.67 0 0 0 8.332 24h7.336a3.67 3.67 0 0 0 3.652-3.652v-.016a3.67 3.67 0 0 0-3.652-3.652h-.008Z"
          />
        </svg>
      </div>
      <div
        class="text-4xl text-white flex-shrink-0"
      >
        <svg
          fill="currentColor"
          height="1em"
          role="img"
          stroke="currentColor"
          stroke-width="0"
          viewBox="0 0 24 24"
          width="1em"
          xmlns="http://www.w3.org/2000/svg"
        >
          <path
            d="M22.251 11.82a3.117 3.117 0 0 0-2.328-3.01L22.911 0H8.104L11.1 8.838a3.116 3.116 0 0 0-2.244 2.988c0 1.043.52 1.967 1.313 2.536a8.279 8.279 0 0 1-1.084 1.244 8.14 8.14 0 0 1-2.55 1.647c-.834-.563-1.195-1.556-.869-2.446a3.11 3.11 0 0 0-.91-6.08 3.117 3.117 0 0 0-3.113 3.113c0 .848.347 1.626.903 2.182-.048.097-.097.195-.146.299-.465.959-.993 2.043-1.195 3.259-.403 2.432.257 4.384 1.849 5.489A5.093 5.093 0 0 0 5.999 24c1.827 0 3.682-.917 5.475-1.807 1.279-.632 2.599-1.292 3.898-1.612.48-.118.98-.187 1.508-.264 1.07-.153 2.175-.312 3.168-.89a4.482 4.482 0 0 0 2.182-3.091c.174-.994 0-1.994-.444-2.87.298-.48.465-1.042.465-1.647zm-1.355 0c0 .965-.785 1.75-1.75 1.75a1.753 1.753 0 0 1-1.085-3.126l.007-.007c.056-.042.118-.084.18-.125 0 0 .008 0 .008-.007.028-.014.055-.035.083-.05.007 0 .014-.006.021-.006.028-.014.063-.028.097-.042.035-.014.07-.027.098-.041.007 0 .013-.007.02-.007.028-.007.056-.021.084-.028.007 0 .02-.007.028-.007.034-.007.062-.014.097-.02h.007l.104-.022c.007 0 .02 0 .028-.007.028 0 .055-.007.083-.007h.035c.035 0 .07-.007.111-.007h.09c.028 0 .05 0 .077.007h.014c.055.007.111.014.167.028a1.766 1.766 0 0 1 1.396 1.723zM10.043 1.39h10.93l-2.509 7.4c-.104.02-.208.055-.312.09l-2.64-5.385-2.648 5.35c-.104-.034-.216-.055-.327-.076l-2.494-7.38zm4.968 9.825a3.083 3.083 0 0 0-.938-1.668l1.438-2.904 1.452 2.967c-.43.43-.743.98-.868 1.605H15.01zm-3.481-1.098c.034-.007.062-.014.097-.02h.02c.029-.008.056-.008.084-.015h.028c.028 0 .049-.007.076-.007h.271c.028 0 .049.007.07.007.014 0 .02 0 .035.007.027.007.048.007.076.014.007 0 .014 0 .028.007l.097.02h.007c.028.008.056.015.083.029.007 0 .014.007.028.007.021.007.049.014.07.027.007 0 .014.007.02.007.028.014.056.021.084.035h.007a.374.374 0 0 1 .09.049h.007c.028.014.056.034.084.048.007 0 .007.007.013.007.028.014.05.035.077.049l.007.007c.083.062.16.132.236.201l.007.007a1.747 1.747 0 0 1 .48 1.209 1.752 1.752 0 0 1-3.502 0 1.742 1.742 0 0 1 1.32-1.695zm-6.838-.049c.966 0 1.751.786 1.751 1.751s-.785 1.751-1.75 1.751-1.752-.785-1.752-1.75.786-1.752 1.751-1.752zm16.163 6.025a3.07 3.07 0 0 1-1.508 2.133c-.758.438-1.689.577-2.669.716a17.29 17.29 0 0 0-1.64.291c-1.445.355-2.834 1.05-4.182 1.717-1.724.854-3.35 1.66-4.857 1.66a3.645 3.645 0 0 1-2.154-.688c-1.529-1.056-1.453-3.036-1.272-4.12.167-1.015.632-1.966 1.077-2.877.028-.055.049-.104.077-.16.152.056.312.098.479.126-.264 1.473.486 2.994 1.946 3.745l.264.139.284-.104c1.216-.431 2.342-1.133 3.336-2.071a9.334 9.334 0 0 0 1.445-1.716c.16.027.32.034.48.034a3.117 3.117 0 0 0 3.008-2.327h1.167a3.109 3.109 0 0 0 3.01 2.327c.576 0 1.11-.16 1.57-.43.18.52.236 1.063.139 1.605z"
          />
        </svg>
      </div>
      <div
        class="text-4xl text-white flex-shrink-0"
      >
        <svg
          fill="currentColor"
          height="1em"
          role="img"
          stroke="currentColor"
          stroke-width="0"
          viewBox="0 0 24 24"
          width="1em"
          xmlns="http://www.w3.org/2000/svg"
        >
          <path
            d="M1.125 0C.502 0 0 .502 0 1.125v21.75C0 23.498.502 24 1.125 24h21.75c.623 0 1.125-.502 1.125-1.125V1.125C24 .502 23.498 0 22.875 0zm17.363 9.75c.612 0 1.154.037 1.627.111a6.38 6.38 0 0 1 1.306.34v2.458a3.95 3.95 0 0 0-.643-.361 5.093 5.093 0 0 0-.717-.26 5.453 5.453 0 0 0-1.426-.2c-.3 0-.573.028-.819.086a2.1 2.1 0 0 0-.623.242c-.17.104-.3.229-.393.374a.888.888 0 0 0-.14.49c0 .196.053.373.156.529.104.156.252.304.443.444s.423.276.696.41c.273.135.582.274.926.416.47.197.892.407 1.266.628.374.222.695.473.963.753.268.279.472.598.614.957.142.359.214.776.214 1.253 0 .657-.125 1.21-.373 1.656a3.033 3.033 0 0 1-1.012 1.085 4.38 4.38 0 0 1-1.487.596c-.566.12-1.163.18-1.79.18a9.916 9.916 0 0 1-1.84-.164 5.544 5.544 0 0 1-1.512-.493v-2.63a5.033 5.033 0 0 0 3.237 1.2c.333 0 .624-.03.872-.09.249-.06.456-.144.623-.25.166-.108.29-.234.373-.38a1.023 1.023 0 0 0-.074-1.089 2.12 2.12 0 0 0-.537-.5 5.597 5.597 0 0 0-.807-.444 27.72 27.72 0 0 0-1.007-.436c-.918-.383-1.602-.852-2.053-1.405-.45-.553-.676-1.222-.676-2.005 0-.614.123-1.141.369-1.582.246-.441.58-.804 1.004-1.089a4.494 4.494 0 0 1 1.47-.629 7.536 7.536 0 0 1 1.77-.201zm-15.113.188h9.563v2.166H9.506v9.646H6.789v-9.646H3.375z"
          />
        </svg>
      </div>
      <div
        class="text-4xl text-white flex-shrink-0"
      >
        <svg
          fill="currentColor"
          height="1em"
          role="img"
          stroke="currentColor"
          stroke-width="0"
          viewBox="0 0 24 24"
          width="1em"
          xmlns="http://www.w3.org/2000/svg"
        >
          <path
            d="M24 22.525H0l12-21.05 12 21.05z"
          />
        </svg>
      </div>
      <div
        class="text-4xl text-white flex-shrink-0"
      >
        <svg
          fill="currentColor"
          height="1em"
          role="img"
          stroke="currentColor"
          stroke-width="0"
          viewBox="0 0 24 24"
          width="1em"
          xmlns="http://www.w3.org/2000/svg"
        >
          <path
            d="M14.23 12.004a2.236 2.236 0 0 1-2.235 2.236 2.236 2.236 0 0 1-2.236-2.236 2.236 2.236 0 0 1 2.235-2.236 2.236 2.236 0 0 1 2.236 2.236zm2.648-10.69c-1.346 0-3.107.96-4.888 2.622-1.78-1.653-3.542-2.602-4.887-2.602-.41 0-.783.093-1.106.278-1.375.793-1.683 3.264-.973 6.365C1.98 8.917 0 10.42 0 12.004c0 1.59 1.99 3.097 5.043 4.03-.704 3.113-.39 5.588.988 6.38.32.187.69.275 1.102.275 1.345 0 3.107-.96 4.888-2.624 1.78 1.654 3.542 2.603 4.887 2.603.41 0 .783-.09 1.106-.275 1.374-.792 1.683-3.263.973-6.365C22.02 15.096 24 13.59 24 12.004c0-1.59-1.99-3.097-5.043-4.032.704-3.11.39-5.587-.988-6.38-.318-.184-.688-.277-1.092-.278zm-.005 1.09v.006c.225 0 .406.044.558.127.666.382.955 1.835.73 3.704-.054.46-.142.945-.25 1.44-.96-.236-2.006-.417-3.107-.534-.66-.905-1.345-1.727-2.035-2.447 1.592-1.48 3.087-2.292 4.105-2.295zm-9.77.02c1.012 0 2.514.808 4.11 2.28-.686.72-1.37 1.537-2.02 2.442-1.107.117-2.154.298-3.113.538-.112-.49-.195-.964-.254-1.42-.23-1.868.054-3.32.714-3.707.19-.09.4-.127.563-.132zm4.882 3.05c.455.468.91.992 1.36 1.564-.44-.02-.89-.034-1.345-.034-.46 0-.915.01-1.36.034.44-.572.895-1.096 1.345-1.565zM12 8.1c.74 0 1.477.034 2.202.093.406.582.802 1.203 1.183 1.86.372.64.71 1.29 1.018 1.946-.308.655-.646 1.31-1.013 1.95-.38.66-.773 1.288-1.18 1.87-.728.063-1.466.098-2.21.098-.74 0-1.477-.035-2.202-.093-.406-.582-.802-1.204-1.183-1.86-.372-.64-.71-1.29-1.018-1.946.303-.657.646-1.313 1.013-1.954.38-.66.773-1.286 1.18-1.868.728-.064 1.466-.098 2.21-.098zm-3.635.254c-.24.377-.48.763-.704 1.16-.225.39-.435.782-.635 1.174-.265-.656-.49-1.31-.676-1.947.64-.15 1.315-.283 2.015-.386zm7.26 0c.695.103 1.365.23 2.006.387-.18.632-.405 1.282-.66 1.933-.2-.39-.41-.783-.64-1.174-.225-.392-.465-.774-.705-1.146zm3.063.675c.484.15.944.317 1.375.498 1.732.74 2.852 1.708 2.852 2.476-.005.768-1.125 1.74-2.857 2.475-.42.18-.88.342-1.355.493-.28-.958-.646-1.956-1.1-2.98.45-1.017.81-2.01 1.085-2.964zm-13.395.004c.278.96.645 1.957 1.1 2.98-.45 1.017-.812 2.01-1.086 2.964-.484-.15-.944-.318-1.37-.5-1.732-.737-2.852-1.706-2.852-2.474 0-.768 1.12-1.742 2.852-2.476.42-.18.88-.342 1.356-.494zm11.678 4.28c.265.657.49 1.312.676 1.948-.64.157-1.316.29-2.016.39.24-.375.48-.762.705-1.158.225-.39.435-.788.636-1.18zm-9.945.02c.2.392.41.783.64 1.175.23.39.465.772.705 1.143-.695-.102-1.365-.23-2.006-.386.18-.63.406-1.282.66-1.933zM17.92 16.32c.112.493.2.968.254 1.423.23 1.868-.054 3.32-.714 3.708-.147.09-.338.128-.563.128-1.012 0-2.514-.807-4.11-2.28.686-.72 1.37-1.536 2.02-2.44 1.107-.118 2.154-.3 3.113-.54zm-11.83.01c.96.234 2.006.415 3.107.532.66.905 1.345 1.727 2.035 2.446-1.595 1.483-3.092 2.295-4.11 2.295-.22-.005-.406-.05-.553-.132-.666-.38-.955-1.834-.73-3.703.054-.46.142-.944.25-1.438zm4.56.64c.44.02.89.034 1.345.034.46 0 .915-.01 1.36-.034-.44.572-.895 1.095-1.345 1.565-.455-.47-.91-.993-1.36-1.565z"
          />
        </svg>
      </div>
    </div>
  </div>
</DocumentFragment>
`;
