// Jest Snapshot v1, https://goo.gl/fbAQLP

exports[`ContactsList Component matches the snapshot 1`] = `
<DocumentFragment>
  <p
    class="text-white text-white"
  />
</DocumentFragment>
`;
