// Jest Snapshot v1, https://goo.gl/fbAQLP

exports[`Header Component matches the snapshot 1`] = `
<DocumentFragment>
  <div
    class="fixed top-1/2 left-5 transform -translate-y-1/2"
  >
    <button
      class="w-10 text-white overflow-hidden text-center p-4 flex gap-4 items-center pb-6 overflow-visible w-36 transition-all duration-300 ease-in-out cursor-pointer pl-8"
      type="button"
    >
      <span
        class="text-2xl"
      >
        <svg
          fill="currentColor"
          height="1em"
          stroke="currentColor"
          stroke-width="0"
          viewBox="0 0 576 512"
          width="1em"
          xmlns="http://www.w3.org/2000/svg"
        >
          <path
            d="M280.37 148.26L96 300.11V464a16 16 0 0 0 16 16l112.06-.29a16 16 0 0 0 15.92-16V368a16 16 0 0 1 16-16h64a16 16 0 0 1 16 16v95.64a16 16 0 0 0 16 16.05L464 480a16 16 0 0 0 16-16V300L295.67 148.26a12.19 12.19 0 0 0-15.3 0zM571.6 251.47L488 182.56V44.05a12 12 0 0 0-12-12h-56a12 12 0 0 0-12 12v72.61L318.47 43a48 48 0 0 0-61 0L4.34 251.47a12 12 0 0 0-1.6 16.9l25.5 31A12 12 0 0 0 45.15 301l235.22-193.74a12.19 12.19 0 0 1 15.3 0L530.9 301a12 12 0 0 0 16.9-1.6l25.5-31a12 12 0 0 0-1.7-16.93z"
          />
        </svg>
      </span>
      <span
        class="text-xl"
      >
        Home
      </span>
    </button>
    <button
      class="w-10 text-white overflow-hidden text-center p-4 flex gap-4 items-center pb-6 hover:overflow-visible hover:w-36 transition-all duration-300 ease-in-out hover:cursor-pointer hover:pl-8"
      type="button"
    >
      <span
        class="text-2xl"
      >
        <svg
          fill="currentColor"
          height="1em"
          stroke="currentColor"
          stroke-width="0"
          viewBox="0 0 512 512"
          width="1em"
          xmlns="http://www.w3.org/2000/svg"
        >
          <path
            d="M256 8C119.043 8 8 119.083 8 256c0 136.997 111.043 248 248 248s248-111.003 248-248C504 119.083 392.957 8 256 8zm0 110c23.196 0 42 18.804 42 42s-18.804 42-42 42-42-18.804-42-42 18.804-42 42-42zm56 254c0 6.627-5.373 12-12 12h-88c-6.627 0-12-5.373-12-12v-24c0-6.627 5.373-12 12-12h12v-64h-12c-6.627 0-12-5.373-12-12v-24c0-6.627 5.373-12 12-12h64c6.627 0 12 5.373 12 12v100h12c6.627 0 12 5.373 12 12v24z"
          />
        </svg>
      </span>
      <span
        class="text-xl"
      >
        About
      </span>
    </button>
    <button
      class="w-10 text-white overflow-hidden text-center p-4 flex gap-4 items-center pb-6 hover:overflow-visible hover:w-36 transition-all duration-300 ease-in-out hover:cursor-pointer hover:pl-8"
      type="button"
    >
      <span
        class="text-2xl"
      >
        <svg
          fill="currentColor"
          height="1em"
          stroke="currentColor"
          stroke-width="0"
          viewBox="0 0 512 512"
          width="1em"
          xmlns="http://www.w3.org/2000/svg"
        >
          <path
            d="M320 336c0 8.84-7.16 16-16 16h-96c-8.84 0-16-7.16-16-16v-48H0v144c0 25.6 22.4 48 48 48h416c25.6 0 48-22.4 48-48V288H320v48zm144-208h-80V80c0-25.6-22.4-48-48-48H176c-25.6 0-48 22.4-48 48v48H48c-25.6 0-48 22.4-48 48v80h512v-80c0-25.6-22.4-48-48-48zm-144 0H192V96h128v32z"
          />
        </svg>
      </span>
      <span
        class="text-xl"
      >
        Resume
      </span>
    </button>
    <button
      class="w-10 text-white overflow-hidden text-center p-4 flex gap-4 items-center pb-6 hover:overflow-visible hover:w-36 transition-all duration-300 ease-in-out hover:cursor-pointer hover:pl-8"
      type="button"
    >
      <span
        class="text-2xl"
      >
        <svg
          fill="currentColor"
          height="1em"
          stroke="currentColor"
          stroke-width="0"
          viewBox="0 0 640 512"
          width="1em"
          xmlns="http://www.w3.org/2000/svg"
        >
          <path
            d="M384 320H256c-17.67 0-32 14.33-32 32v128c0 17.67 14.33 32 32 32h128c17.67 0 32-14.33 32-32V352c0-17.67-14.33-32-32-32zM192 32c0-17.67-14.33-32-32-32H32C14.33 0 0 14.33 0 32v128c0 17.67 14.33 32 32 32h95.72l73.16 128.04C211.98 300.98 232.4 288 256 288h.28L192 175.51V128h224V64H192V32zM608 0H480c-17.67 0-32 14.33-32 32v128c0 17.67 14.33 32 32 32h128c17.67 0 32-14.33 32-32V32c0-17.67-14.33-32-32-32z"
          />
        </svg>
      </span>
      <span
        class="text-xl"
      >
        Project
      </span>
    </button>
  </div>
</DocumentFragment>
`;
